// Jest Snapshot v1, https://goo.gl/fbAQLP

exports[`generate returns proper markdown string 1`] = `
"# Changelog

## Version \`next\`





### Fixed
- **Comp 2:** comp2 fix description

## Version \`1.1.0\`



### Changed
- **Comp 1:** comp1 change description



## Version \`1.0.0\`

### Added
- **Comp 1:** comp1 addition description



"
`;

exports[`generate when there are no configured components renders "All" for the entries with null as component 1`] = `
"# Changelog

## Version \`next\`

### Added
- addition to no specific component



"
`;
